INFO - 2026-02-15 09:14:02 --> registerCompany: Client created successfully - ID: 2, Company: startNow
WARNING - 2026-02-15 09:19:15 --> activateAccount: Contact non trouvé pour +21620123456
WARNING - 2026-02-15 09:22:26 --> activateAccount: Contact non trouvé pour +216 12345678
WARNING - 2026-02-15 09:22:29 --> activateAccount: Contact non trouvé pour +216 12345678
INFO - 2026-02-15 09:23:03 --> activateAccount: Compte activé pour +33612345678
WARNING - 2026-02-15 09:23:09 --> activateAccount: Contact non trouvé pour 12345678
INFO - 2026-02-15 09:24:06 --> activateAccount: Compte activé pour +33612345678
INFO - 2026-02-15 09:29:00 --> registerCompany: Client created successfully - ID: 1, Company: Test Company
INFO - 2026-02-15 09:30:54 --> registerContact: Contact created successfully - ID: 1, Email: ahmed@test.com
WARNING - 2026-02-15 09:32:49 --> activateAccount: Contact non trouvé pour +21612345678
WARNING - 2026-02-15 09:32:53 --> activateAccount: Contact non trouvé pour +21612345678
WARNING - 2026-02-15 09:33:25 --> activateAccount: Contact non trouvé pour +21612345678
WARNING - 2026-02-15 09:35:18 --> activateAccount: Contact non trouvé pour +21612345678
WARNING - 2026-02-15 13:46:09 --> registerCompany: Duplicate phone number: +21620123456
WARNING - 2026-02-15 13:47:03 --> registerCompany: Duplicate phone number: +21620123456
INFO - 2026-02-15 14:00:19 --> login: Successful login - Email: ahmed@test.com, Contact ID: 1
INFO - 2026-02-15 14:00:24 --> logout: User logged out - Contact ID: 1
WARNING - 2026-02-15 14:01:02 --> registerCompany: Duplicate phone number: +21620123456
WARNING - 2026-02-15 14:15:20 --> login: Invalid password for email: ghoufrane@gmail.com
WARNING - 2026-02-15 14:15:28 --> login: Invalid password for email: ghoufrane@gmail.com
WARNING - 2026-02-15 14:15:44 --> login: Invalid password for email: ghoufrane@gmail.com
WARNING - 2026-02-15 14:16:21 --> login: Invalid password for email: ghoufrane@gmail.com
INFO - 2026-02-15 14:16:42 --> login: Successful login - Email: ahmed@test.com, Contact ID: 1
INFO - 2026-02-15 14:16:51 --> logout: User logged out - Contact ID: 1
WARNING - 2026-02-15 14:23:45 --> login: Invalid password for email: alaa@gmail.com
WARNING - 2026-02-15 14:23:50 --> login: Invalid password for email: alaa@gmail.com
WARNING - 2026-02-15 14:23:52 --> login: Invalid password for email: alaa@gmail.com
CRITICAL - 2026-02-15 16:19:33 --> Error: Class "Locale" not found
in SYSTEMPATH\CodeIgniter.php on line 218.
 1 ROOTPATH\spark(88): CodeIgniter\CodeIgniter->initialize()
CRITICAL - 2026-02-15 16:19:33 --> ErrorException: Uncaught Error: Class "Locale" not found in C:\xampp81\htdocs\CodeIgniter4-4.4.7\system\I18n\TimeTrait.php:74
Stack trace:
#0 C:\xampp81\htdocs\CodeIgniter4-4.4.7\system\I18n\TimeTrait.php(115): CodeIgniter\I18n\Time->__construct(NULL, NULL, NULL)
#1 C:\xampp81\htdocs\CodeIgniter4-4.4.7\system\HTTP\ResponseTrait.php(468): CodeIgniter\I18n\Time::now()
#2 C:\xampp81\htdocs\CodeIgniter4-4.4.7\system\HTTP\ResponseTrait.php(446): CodeIgniter\HTTP\Response->sendHeaders()
#3 C:\xampp81\htdocs\CodeIgniter4-4.4.7\system\Debug\ExceptionHandler.php(81): CodeIgniter\HTTP\Response->send()
#4 C:\xampp81\htdocs\CodeIgniter4-4.4.7\system\Debug\Exceptions.php(156): CodeIgniter\Debug\ExceptionHandler->handle(Object(Error), Object(CodeIgniter\HTTP\IncomingRequest), Object(CodeIgniter\HTTP\Response), 500, 1)
#5 [internal function]: CodeIgniter\Debug\Exceptions->exceptionHandler(Object(Error))
#6 {main}
  thrown
【Previous Exception】
Error
Class "Locale" not found
#0 C:\xampp81\htdocs\CodeIgniter4-4.4.7\spark(88): CodeIgniter\CodeIgniter->initialize()
#1 {main}
in SYSTEMPATH\I18n\TimeTrait.php on line 74.
 1 [internal function]: CodeIgniter\Debug\Exceptions->shutdownHandler()
ERROR - 2026-02-15 17:17:54 --> mysqli_sql_exception: Table 'crm_mobile.clients' doesn't exist in C:\xampp81\htdocs\CodeIgniter4-4.4.7\system\Database\MySQLi\Connection.php:306
Stack trace:
#0 C:\xampp81\htdocs\CodeIgniter4-4.4.7\system\Database\MySQLi\Connection.php(306): mysqli->query('SELECT *\nFROM `...', 0)
#1 C:\xampp81\htdocs\CodeIgniter4-4.4.7\system\Database\BaseConnection.php(693): CodeIgniter\Database\MySQLi\Connection->execute('SELECT *\nFROM `...')
#2 C:\xampp81\htdocs\CodeIgniter4-4.4.7\system\Database\BaseConnection.php(607): CodeIgniter\Database\BaseConnection->simpleQuery('SELECT *\nFROM `...')
#3 C:\xampp81\htdocs\CodeIgniter4-4.4.7\system\Database\BaseBuilder.php(1616): CodeIgniter\Database\BaseConnection->query('SELECT *\nFROM `...', Array, false)
#4 C:\xampp81\htdocs\CodeIgniter4-4.4.7\system\Model.php(271): CodeIgniter\Database\BaseBuilder->get()
#5 C:\xampp81\htdocs\CodeIgniter4-4.4.7\system\BaseModel.php(676): CodeIgniter\Model->doFirst()
#6 C:\xampp81\htdocs\CodeIgniter4-4.4.7\app\Controllers\RegisterController.php(40): CodeIgniter\BaseModel->first()
#7 C:\xampp81\htdocs\CodeIgniter4-4.4.7\system\CodeIgniter.php(943): App\Controllers\RegisterController->registerCompany()
#8 C:\xampp81\htdocs\CodeIgniter4-4.4.7\system\CodeIgniter.php(503): CodeIgniter\CodeIgniter->runController(Object(App\Controllers\RegisterController))
#9 C:\xampp81\htdocs\CodeIgniter4-4.4.7\system\CodeIgniter.php(361): CodeIgniter\CodeIgniter->handleRequest(NULL, Object(Config\Cache), false)
#10 C:\xampp81\htdocs\CodeIgniter4-4.4.7\public\index.php(79): CodeIgniter\CodeIgniter->run()
#11 {main}
CRITICAL - 2026-02-15 17:17:54 --> CodeIgniter\Database\Exceptions\DatabaseException: Table 'crm_mobile.clients' doesn't exist
in SYSTEMPATH\Database\BaseConnection.php on line 647.
 1 SYSTEMPATH\Database\BaseBuilder.php(1616): CodeIgniter\Database\BaseConnection->query('SELECT *
FROM `clients`
WHERE `phonenumber` = :phonenumber:
 LIMIT 1', [...], false)
 2 SYSTEMPATH\Model.php(271): CodeIgniter\Database\BaseBuilder->get()
 3 SYSTEMPATH\BaseModel.php(676): CodeIgniter\Model->doFirst()
 4 APPPATH\Controllers\RegisterController.php(40): CodeIgniter\BaseModel->first()
 5 SYSTEMPATH\CodeIgniter.php(943): App\Controllers\RegisterController->registerCompany()
 6 SYSTEMPATH\CodeIgniter.php(503): CodeIgniter\CodeIgniter->runController(Object(App\Controllers\RegisterController))
 7 SYSTEMPATH\CodeIgniter.php(361): CodeIgniter\CodeIgniter->handleRequest(null, Object(Config\Cache), false)
 8 FCPATH\index.php(79): CodeIgniter\CodeIgniter->run()
CRITICAL - 2026-02-15 17:17:54 --> [Caused by] CodeIgniter\Database\Exceptions\DatabaseException: Table 'crm_mobile.clients' doesn't exist
in SYSTEMPATH\Database\MySQLi\Connection.php on line 311.
 1 SYSTEMPATH\Database\BaseConnection.php(693): CodeIgniter\Database\MySQLi\Connection->execute('SELECT *
FROM `clients`
WHERE `phonenumber` = \'27123456\'
 LIMIT 1')
 2 SYSTEMPATH\Database\BaseConnection.php(607): CodeIgniter\Database\BaseConnection->simpleQuery('SELECT *
FROM `clients`
WHERE `phonenumber` = \'27123456\'
 LIMIT 1')
 3 SYSTEMPATH\Database\BaseBuilder.php(1616): CodeIgniter\Database\BaseConnection->query('SELECT *
FROM `clients`
WHERE `phonenumber` = :phonenumber:
 LIMIT 1', [...], false)
 4 SYSTEMPATH\Model.php(271): CodeIgniter\Database\BaseBuilder->get()
 5 SYSTEMPATH\BaseModel.php(676): CodeIgniter\Model->doFirst()
 6 APPPATH\Controllers\RegisterController.php(40): CodeIgniter\BaseModel->first()
 7 SYSTEMPATH\CodeIgniter.php(943): App\Controllers\RegisterController->registerCompany()
 8 SYSTEMPATH\CodeIgniter.php(503): CodeIgniter\CodeIgniter->runController(Object(App\Controllers\RegisterController))
 9 SYSTEMPATH\CodeIgniter.php(361): CodeIgniter\CodeIgniter->handleRequest(null, Object(Config\Cache), false)
10 FCPATH\index.php(79): CodeIgniter\CodeIgniter->run()
CRITICAL - 2026-02-15 17:17:54 --> [Caused by] mysqli_sql_exception: Table 'crm_mobile.clients' doesn't exist
in SYSTEMPATH\Database\MySQLi\Connection.php on line 306.
 1 SYSTEMPATH\Database\MySQLi\Connection.php(306): mysqli->query('SELECT *
FROM `clients`
WHERE `phonenumber` = \'27123456\'
 LIMIT 1', 0)
 2 SYSTEMPATH\Database\BaseConnection.php(693): CodeIgniter\Database\MySQLi\Connection->execute('SELECT *
FROM `clients`
WHERE `phonenumber` = \'27123456\'
 LIMIT 1')
 3 SYSTEMPATH\Database\BaseConnection.php(607): CodeIgniter\Database\BaseConnection->simpleQuery('SELECT *
FROM `clients`
WHERE `phonenumber` = \'27123456\'
 LIMIT 1')
 4 SYSTEMPATH\Database\BaseBuilder.php(1616): CodeIgniter\Database\BaseConnection->query('SELECT *
FROM `clients`
WHERE `phonenumber` = :phonenumber:
 LIMIT 1', [...], false)
 5 SYSTEMPATH\Model.php(271): CodeIgniter\Database\BaseBuilder->get()
 6 SYSTEMPATH\BaseModel.php(676): CodeIgniter\Model->doFirst()
 7 APPPATH\Controllers\RegisterController.php(40): CodeIgniter\BaseModel->first()
 8 SYSTEMPATH\CodeIgniter.php(943): App\Controllers\RegisterController->registerCompany()
 9 SYSTEMPATH\CodeIgniter.php(503): CodeIgniter\CodeIgniter->runController(Object(App\Controllers\RegisterController))
10 SYSTEMPATH\CodeIgniter.php(361): CodeIgniter\CodeIgniter->handleRequest(null, Object(Config\Cache), false)
11 FCPATH\index.php(79): CodeIgniter\CodeIgniter->run()
ERROR - 2026-02-15 17:17:58 --> mysqli_sql_exception: Table 'crm_mobile.clients' doesn't exist in C:\xampp81\htdocs\CodeIgniter4-4.4.7\system\Database\MySQLi\Connection.php:306
Stack trace:
#0 C:\xampp81\htdocs\CodeIgniter4-4.4.7\system\Database\MySQLi\Connection.php(306): mysqli->query('SELECT *\nFROM `...', 0)
#1 C:\xampp81\htdocs\CodeIgniter4-4.4.7\system\Database\BaseConnection.php(693): CodeIgniter\Database\MySQLi\Connection->execute('SELECT *\nFROM `...')
#2 C:\xampp81\htdocs\CodeIgniter4-4.4.7\system\Database\BaseConnection.php(607): CodeIgniter\Database\BaseConnection->simpleQuery('SELECT *\nFROM `...')
#3 C:\xampp81\htdocs\CodeIgniter4-4.4.7\system\Database\BaseBuilder.php(1616): CodeIgniter\Database\BaseConnection->query('SELECT *\nFROM `...', Array, false)
#4 C:\xampp81\htdocs\CodeIgniter4-4.4.7\system\Model.php(271): CodeIgniter\Database\BaseBuilder->get()
#5 C:\xampp81\htdocs\CodeIgniter4-4.4.7\system\BaseModel.php(676): CodeIgniter\Model->doFirst()
#6 C:\xampp81\htdocs\CodeIgniter4-4.4.7\app\Controllers\RegisterController.php(40): CodeIgniter\BaseModel->first()
#7 C:\xampp81\htdocs\CodeIgniter4-4.4.7\system\CodeIgniter.php(943): App\Controllers\RegisterController->registerCompany()
#8 C:\xampp81\htdocs\CodeIgniter4-4.4.7\system\CodeIgniter.php(503): CodeIgniter\CodeIgniter->runController(Object(App\Controllers\RegisterController))
#9 C:\xampp81\htdocs\CodeIgniter4-4.4.7\system\CodeIgniter.php(361): CodeIgniter\CodeIgniter->handleRequest(NULL, Object(Config\Cache), false)
#10 C:\xampp81\htdocs\CodeIgniter4-4.4.7\public\index.php(79): CodeIgniter\CodeIgniter->run()
#11 {main}
CRITICAL - 2026-02-15 17:17:58 --> CodeIgniter\Database\Exceptions\DatabaseException: Table 'crm_mobile.clients' doesn't exist
in SYSTEMPATH\Database\BaseConnection.php on line 647.
 1 SYSTEMPATH\Database\BaseBuilder.php(1616): CodeIgniter\Database\BaseConnection->query('SELECT *
FROM `clients`
WHERE `phonenumber` = :phonenumber:
 LIMIT 1', [...], false)
 2 SYSTEMPATH\Model.php(271): CodeIgniter\Database\BaseBuilder->get()
 3 SYSTEMPATH\BaseModel.php(676): CodeIgniter\Model->doFirst()
 4 APPPATH\Controllers\RegisterController.php(40): CodeIgniter\BaseModel->first()
 5 SYSTEMPATH\CodeIgniter.php(943): App\Controllers\RegisterController->registerCompany()
 6 SYSTEMPATH\CodeIgniter.php(503): CodeIgniter\CodeIgniter->runController(Object(App\Controllers\RegisterController))
 7 SYSTEMPATH\CodeIgniter.php(361): CodeIgniter\CodeIgniter->handleRequest(null, Object(Config\Cache), false)
 8 FCPATH\index.php(79): CodeIgniter\CodeIgniter->run()
CRITICAL - 2026-02-15 17:17:58 --> [Caused by] CodeIgniter\Database\Exceptions\DatabaseException: Table 'crm_mobile.clients' doesn't exist
in SYSTEMPATH\Database\MySQLi\Connection.php on line 311.
 1 SYSTEMPATH\Database\BaseConnection.php(693): CodeIgniter\Database\MySQLi\Connection->execute('SELECT *
FROM `clients`
WHERE `phonenumber` = \'27123456\'
 LIMIT 1')
 2 SYSTEMPATH\Database\BaseConnection.php(607): CodeIgniter\Database\BaseConnection->simpleQuery('SELECT *
FROM `clients`
WHERE `phonenumber` = \'27123456\'
 LIMIT 1')
 3 SYSTEMPATH\Database\BaseBuilder.php(1616): CodeIgniter\Database\BaseConnection->query('SELECT *
FROM `clients`
WHERE `phonenumber` = :phonenumber:
 LIMIT 1', [...], false)
 4 SYSTEMPATH\Model.php(271): CodeIgniter\Database\BaseBuilder->get()
 5 SYSTEMPATH\BaseModel.php(676): CodeIgniter\Model->doFirst()
 6 APPPATH\Controllers\RegisterController.php(40): CodeIgniter\BaseModel->first()
 7 SYSTEMPATH\CodeIgniter.php(943): App\Controllers\RegisterController->registerCompany()
 8 SYSTEMPATH\CodeIgniter.php(503): CodeIgniter\CodeIgniter->runController(Object(App\Controllers\RegisterController))
 9 SYSTEMPATH\CodeIgniter.php(361): CodeIgniter\CodeIgniter->handleRequest(null, Object(Config\Cache), false)
10 FCPATH\index.php(79): CodeIgniter\CodeIgniter->run()
CRITICAL - 2026-02-15 17:17:58 --> [Caused by] mysqli_sql_exception: Table 'crm_mobile.clients' doesn't exist
in SYSTEMPATH\Database\MySQLi\Connection.php on line 306.
 1 SYSTEMPATH\Database\MySQLi\Connection.php(306): mysqli->query('SELECT *
FROM `clients`
WHERE `phonenumber` = \'27123456\'
 LIMIT 1', 0)
 2 SYSTEMPATH\Database\BaseConnection.php(693): CodeIgniter\Database\MySQLi\Connection->execute('SELECT *
FROM `clients`
WHERE `phonenumber` = \'27123456\'
 LIMIT 1')
 3 SYSTEMPATH\Database\BaseConnection.php(607): CodeIgniter\Database\BaseConnection->simpleQuery('SELECT *
FROM `clients`
WHERE `phonenumber` = \'27123456\'
 LIMIT 1')
 4 SYSTEMPATH\Database\BaseBuilder.php(1616): CodeIgniter\Database\BaseConnection->query('SELECT *
FROM `clients`
WHERE `phonenumber` = :phonenumber:
 LIMIT 1', [...], false)
 5 SYSTEMPATH\Model.php(271): CodeIgniter\Database\BaseBuilder->get()
 6 SYSTEMPATH\BaseModel.php(676): CodeIgniter\Model->doFirst()
 7 APPPATH\Controllers\RegisterController.php(40): CodeIgniter\BaseModel->first()
 8 SYSTEMPATH\CodeIgniter.php(943): App\Controllers\RegisterController->registerCompany()
 9 SYSTEMPATH\CodeIgniter.php(503): CodeIgniter\CodeIgniter->runController(Object(App\Controllers\RegisterController))
10 SYSTEMPATH\CodeIgniter.php(361): CodeIgniter\CodeIgniter->handleRequest(null, Object(Config\Cache), false)
11 FCPATH\index.php(79): CodeIgniter\CodeIgniter->run()
ERROR - 2026-02-15 17:18:25 --> mysqli_sql_exception: Table 'crm_mobile.clients' doesn't exist in C:\xampp81\htdocs\CodeIgniter4-4.4.7\system\Database\MySQLi\Connection.php:306
Stack trace:
#0 C:\xampp81\htdocs\CodeIgniter4-4.4.7\system\Database\MySQLi\Connection.php(306): mysqli->query('SELECT *\nFROM `...', 0)
#1 C:\xampp81\htdocs\CodeIgniter4-4.4.7\system\Database\BaseConnection.php(693): CodeIgniter\Database\MySQLi\Connection->execute('SELECT *\nFROM `...')
#2 C:\xampp81\htdocs\CodeIgniter4-4.4.7\system\Database\BaseConnection.php(607): CodeIgniter\Database\BaseConnection->simpleQuery('SELECT *\nFROM `...')
#3 C:\xampp81\htdocs\CodeIgniter4-4.4.7\system\Database\BaseBuilder.php(1616): CodeIgniter\Database\BaseConnection->query('SELECT *\nFROM `...', Array, false)
#4 C:\xampp81\htdocs\CodeIgniter4-4.4.7\system\Model.php(271): CodeIgniter\Database\BaseBuilder->get()
#5 C:\xampp81\htdocs\CodeIgniter4-4.4.7\system\BaseModel.php(676): CodeIgniter\Model->doFirst()
#6 C:\xampp81\htdocs\CodeIgniter4-4.4.7\app\Controllers\RegisterController.php(40): CodeIgniter\BaseModel->first()
#7 C:\xampp81\htdocs\CodeIgniter4-4.4.7\system\CodeIgniter.php(943): App\Controllers\RegisterController->registerCompany()
#8 C:\xampp81\htdocs\CodeIgniter4-4.4.7\system\CodeIgniter.php(503): CodeIgniter\CodeIgniter->runController(Object(App\Controllers\RegisterController))
#9 C:\xampp81\htdocs\CodeIgniter4-4.4.7\system\CodeIgniter.php(361): CodeIgniter\CodeIgniter->handleRequest(NULL, Object(Config\Cache), false)
#10 C:\xampp81\htdocs\CodeIgniter4-4.4.7\public\index.php(79): CodeIgniter\CodeIgniter->run()
#11 {main}
CRITICAL - 2026-02-15 17:18:25 --> CodeIgniter\Database\Exceptions\DatabaseException: Table 'crm_mobile.clients' doesn't exist
in SYSTEMPATH\Database\BaseConnection.php on line 647.
 1 SYSTEMPATH\Database\BaseBuilder.php(1616): CodeIgniter\Database\BaseConnection->query('SELECT *
FROM `clients`
WHERE `phonenumber` = :phonenumber:
 LIMIT 1', [...], false)
 2 SYSTEMPATH\Model.php(271): CodeIgniter\Database\BaseBuilder->get()
 3 SYSTEMPATH\BaseModel.php(676): CodeIgniter\Model->doFirst()
 4 APPPATH\Controllers\RegisterController.php(40): CodeIgniter\BaseModel->first()
 5 SYSTEMPATH\CodeIgniter.php(943): App\Controllers\RegisterController->registerCompany()
 6 SYSTEMPATH\CodeIgniter.php(503): CodeIgniter\CodeIgniter->runController(Object(App\Controllers\RegisterController))
 7 SYSTEMPATH\CodeIgniter.php(361): CodeIgniter\CodeIgniter->handleRequest(null, Object(Config\Cache), false)
 8 FCPATH\index.php(79): CodeIgniter\CodeIgniter->run()
CRITICAL - 2026-02-15 17:18:25 --> [Caused by] CodeIgniter\Database\Exceptions\DatabaseException: Table 'crm_mobile.clients' doesn't exist
in SYSTEMPATH\Database\MySQLi\Connection.php on line 311.
 1 SYSTEMPATH\Database\BaseConnection.php(693): CodeIgniter\Database\MySQLi\Connection->execute('SELECT *
FROM `clients`
WHERE `phonenumber` = \'27123456\'
 LIMIT 1')
 2 SYSTEMPATH\Database\BaseConnection.php(607): CodeIgniter\Database\BaseConnection->simpleQuery('SELECT *
FROM `clients`
WHERE `phonenumber` = \'27123456\'
 LIMIT 1')
 3 SYSTEMPATH\Database\BaseBuilder.php(1616): CodeIgniter\Database\BaseConnection->query('SELECT *
FROM `clients`
WHERE `phonenumber` = :phonenumber:
 LIMIT 1', [...], false)
 4 SYSTEMPATH\Model.php(271): CodeIgniter\Database\BaseBuilder->get()
 5 SYSTEMPATH\BaseModel.php(676): CodeIgniter\Model->doFirst()
 6 APPPATH\Controllers\RegisterController.php(40): CodeIgniter\BaseModel->first()
 7 SYSTEMPATH\CodeIgniter.php(943): App\Controllers\RegisterController->registerCompany()
 8 SYSTEMPATH\CodeIgniter.php(503): CodeIgniter\CodeIgniter->runController(Object(App\Controllers\RegisterController))
 9 SYSTEMPATH\CodeIgniter.php(361): CodeIgniter\CodeIgniter->handleRequest(null, Object(Config\Cache), false)
10 FCPATH\index.php(79): CodeIgniter\CodeIgniter->run()
CRITICAL - 2026-02-15 17:18:25 --> [Caused by] mysqli_sql_exception: Table 'crm_mobile.clients' doesn't exist
in SYSTEMPATH\Database\MySQLi\Connection.php on line 306.
 1 SYSTEMPATH\Database\MySQLi\Connection.php(306): mysqli->query('SELECT *
FROM `clients`
WHERE `phonenumber` = \'27123456\'
 LIMIT 1', 0)
 2 SYSTEMPATH\Database\BaseConnection.php(693): CodeIgniter\Database\MySQLi\Connection->execute('SELECT *
FROM `clients`
WHERE `phonenumber` = \'27123456\'
 LIMIT 1')
 3 SYSTEMPATH\Database\BaseConnection.php(607): CodeIgniter\Database\BaseConnection->simpleQuery('SELECT *
FROM `clients`
WHERE `phonenumber` = \'27123456\'
 LIMIT 1')
 4 SYSTEMPATH\Database\BaseBuilder.php(1616): CodeIgniter\Database\BaseConnection->query('SELECT *
FROM `clients`
WHERE `phonenumber` = :phonenumber:
 LIMIT 1', [...], false)
 5 SYSTEMPATH\Model.php(271): CodeIgniter\Database\BaseBuilder->get()
 6 SYSTEMPATH\BaseModel.php(676): CodeIgniter\Model->doFirst()
 7 APPPATH\Controllers\RegisterController.php(40): CodeIgniter\BaseModel->first()
 8 SYSTEMPATH\CodeIgniter.php(943): App\Controllers\RegisterController->registerCompany()
 9 SYSTEMPATH\CodeIgniter.php(503): CodeIgniter\CodeIgniter->runController(Object(App\Controllers\RegisterController))
10 SYSTEMPATH\CodeIgniter.php(361): CodeIgniter\CodeIgniter->handleRequest(null, Object(Config\Cache), false)
11 FCPATH\index.php(79): CodeIgniter\CodeIgniter->run()
ERROR - 2026-02-15 17:18:59 --> mysqli_sql_exception: Table 'crm_mobile.clients' doesn't exist in C:\xampp81\htdocs\CodeIgniter4-4.4.7\system\Database\MySQLi\Connection.php:306
Stack trace:
#0 C:\xampp81\htdocs\CodeIgniter4-4.4.7\system\Database\MySQLi\Connection.php(306): mysqli->query('SELECT *\nFROM `...', 0)
#1 C:\xampp81\htdocs\CodeIgniter4-4.4.7\system\Database\BaseConnection.php(693): CodeIgniter\Database\MySQLi\Connection->execute('SELECT *\nFROM `...')
#2 C:\xampp81\htdocs\CodeIgniter4-4.4.7\system\Database\BaseConnection.php(607): CodeIgniter\Database\BaseConnection->simpleQuery('SELECT *\nFROM `...')
#3 C:\xampp81\htdocs\CodeIgniter4-4.4.7\system\Database\BaseBuilder.php(1616): CodeIgniter\Database\BaseConnection->query('SELECT *\nFROM `...', Array, false)
#4 C:\xampp81\htdocs\CodeIgniter4-4.4.7\system\Model.php(271): CodeIgniter\Database\BaseBuilder->get()
#5 C:\xampp81\htdocs\CodeIgniter4-4.4.7\system\BaseModel.php(676): CodeIgniter\Model->doFirst()
#6 C:\xampp81\htdocs\CodeIgniter4-4.4.7\app\Controllers\RegisterController.php(40): CodeIgniter\BaseModel->first()
#7 C:\xampp81\htdocs\CodeIgniter4-4.4.7\system\CodeIgniter.php(943): App\Controllers\RegisterController->registerCompany()
#8 C:\xampp81\htdocs\CodeIgniter4-4.4.7\system\CodeIgniter.php(503): CodeIgniter\CodeIgniter->runController(Object(App\Controllers\RegisterController))
#9 C:\xampp81\htdocs\CodeIgniter4-4.4.7\system\CodeIgniter.php(361): CodeIgniter\CodeIgniter->handleRequest(NULL, Object(Config\Cache), false)
#10 C:\xampp81\htdocs\CodeIgniter4-4.4.7\public\index.php(79): CodeIgniter\CodeIgniter->run()
#11 {main}
CRITICAL - 2026-02-15 17:18:59 --> CodeIgniter\Database\Exceptions\DatabaseException: Table 'crm_mobile.clients' doesn't exist
in SYSTEMPATH\Database\BaseConnection.php on line 647.
 1 SYSTEMPATH\Database\BaseBuilder.php(1616): CodeIgniter\Database\BaseConnection->query('SELECT *
FROM `clients`
WHERE `phonenumber` = :phonenumber:
 LIMIT 1', [...], false)
 2 SYSTEMPATH\Model.php(271): CodeIgniter\Database\BaseBuilder->get()
 3 SYSTEMPATH\BaseModel.php(676): CodeIgniter\Model->doFirst()
 4 APPPATH\Controllers\RegisterController.php(40): CodeIgniter\BaseModel->first()
 5 SYSTEMPATH\CodeIgniter.php(943): App\Controllers\RegisterController->registerCompany()
 6 SYSTEMPATH\CodeIgniter.php(503): CodeIgniter\CodeIgniter->runController(Object(App\Controllers\RegisterController))
 7 SYSTEMPATH\CodeIgniter.php(361): CodeIgniter\CodeIgniter->handleRequest(null, Object(Config\Cache), false)
 8 FCPATH\index.php(79): CodeIgniter\CodeIgniter->run()
CRITICAL - 2026-02-15 17:18:59 --> [Caused by] CodeIgniter\Database\Exceptions\DatabaseException: Table 'crm_mobile.clients' doesn't exist
in SYSTEMPATH\Database\MySQLi\Connection.php on line 311.
 1 SYSTEMPATH\Database\BaseConnection.php(693): CodeIgniter\Database\MySQLi\Connection->execute('SELECT *
FROM `clients`
WHERE `phonenumber` = \'27123456\'
 LIMIT 1')
 2 SYSTEMPATH\Database\BaseConnection.php(607): CodeIgniter\Database\BaseConnection->simpleQuery('SELECT *
FROM `clients`
WHERE `phonenumber` = \'27123456\'
 LIMIT 1')
 3 SYSTEMPATH\Database\BaseBuilder.php(1616): CodeIgniter\Database\BaseConnection->query('SELECT *
FROM `clients`
WHERE `phonenumber` = :phonenumber:
 LIMIT 1', [...], false)
 4 SYSTEMPATH\Model.php(271): CodeIgniter\Database\BaseBuilder->get()
 5 SYSTEMPATH\BaseModel.php(676): CodeIgniter\Model->doFirst()
 6 APPPATH\Controllers\RegisterController.php(40): CodeIgniter\BaseModel->first()
 7 SYSTEMPATH\CodeIgniter.php(943): App\Controllers\RegisterController->registerCompany()
 8 SYSTEMPATH\CodeIgniter.php(503): CodeIgniter\CodeIgniter->runController(Object(App\Controllers\RegisterController))
 9 SYSTEMPATH\CodeIgniter.php(361): CodeIgniter\CodeIgniter->handleRequest(null, Object(Config\Cache), false)
10 FCPATH\index.php(79): CodeIgniter\CodeIgniter->run()
CRITICAL - 2026-02-15 17:18:59 --> [Caused by] mysqli_sql_exception: Table 'crm_mobile.clients' doesn't exist
in SYSTEMPATH\Database\MySQLi\Connection.php on line 306.
 1 SYSTEMPATH\Database\MySQLi\Connection.php(306): mysqli->query('SELECT *
FROM `clients`
WHERE `phonenumber` = \'27123456\'
 LIMIT 1', 0)
 2 SYSTEMPATH\Database\BaseConnection.php(693): CodeIgniter\Database\MySQLi\Connection->execute('SELECT *
FROM `clients`
WHERE `phonenumber` = \'27123456\'
 LIMIT 1')
 3 SYSTEMPATH\Database\BaseConnection.php(607): CodeIgniter\Database\BaseConnection->simpleQuery('SELECT *
FROM `clients`
WHERE `phonenumber` = \'27123456\'
 LIMIT 1')
 4 SYSTEMPATH\Database\BaseBuilder.php(1616): CodeIgniter\Database\BaseConnection->query('SELECT *
FROM `clients`
WHERE `phonenumber` = :phonenumber:
 LIMIT 1', [...], false)
 5 SYSTEMPATH\Model.php(271): CodeIgniter\Database\BaseBuilder->get()
 6 SYSTEMPATH\BaseModel.php(676): CodeIgniter\Model->doFirst()
 7 APPPATH\Controllers\RegisterController.php(40): CodeIgniter\BaseModel->first()
 8 SYSTEMPATH\CodeIgniter.php(943): App\Controllers\RegisterController->registerCompany()
 9 SYSTEMPATH\CodeIgniter.php(503): CodeIgniter\CodeIgniter->runController(Object(App\Controllers\RegisterController))
10 SYSTEMPATH\CodeIgniter.php(361): CodeIgniter\CodeIgniter->handleRequest(null, Object(Config\Cache), false)
11 FCPATH\index.php(79): CodeIgniter\CodeIgniter->run()
ERROR - 2026-02-15 17:44:45 --> mysqli_sql_exception: Table 'crm_mobile.contacts' doesn't exist in C:\xampp81\htdocs\CodeIgniter4-4.4.7\system\Database\MySQLi\Connection.php:306
Stack trace:
#0 C:\xampp81\htdocs\CodeIgniter4-4.4.7\system\Database\MySQLi\Connection.php(306): mysqli->query('SELECT *\nFROM `...', 0)
#1 C:\xampp81\htdocs\CodeIgniter4-4.4.7\system\Database\BaseConnection.php(693): CodeIgniter\Database\MySQLi\Connection->execute('SELECT *\nFROM `...')
#2 C:\xampp81\htdocs\CodeIgniter4-4.4.7\system\Database\BaseConnection.php(607): CodeIgniter\Database\BaseConnection->simpleQuery('SELECT *\nFROM `...')
#3 C:\xampp81\htdocs\CodeIgniter4-4.4.7\system\Database\BaseBuilder.php(1616): CodeIgniter\Database\BaseConnection->query('SELECT *\nFROM `...', Array, false)
#4 C:\xampp81\htdocs\CodeIgniter4-4.4.7\system\Model.php(271): CodeIgniter\Database\BaseBuilder->get()
#5 C:\xampp81\htdocs\CodeIgniter4-4.4.7\system\BaseModel.php(676): CodeIgniter\Model->doFirst()
#6 C:\xampp81\htdocs\CodeIgniter4-4.4.7\app\Controllers\RegisterController.php(87): CodeIgniter\BaseModel->first()
#7 C:\xampp81\htdocs\CodeIgniter4-4.4.7\system\CodeIgniter.php(943): App\Controllers\RegisterController->registerContact()
#8 C:\xampp81\htdocs\CodeIgniter4-4.4.7\system\CodeIgniter.php(503): CodeIgniter\CodeIgniter->runController(Object(App\Controllers\RegisterController))
#9 C:\xampp81\htdocs\CodeIgniter4-4.4.7\system\CodeIgniter.php(361): CodeIgniter\CodeIgniter->handleRequest(NULL, Object(Config\Cache), false)
#10 C:\xampp81\htdocs\CodeIgniter4-4.4.7\public\index.php(79): CodeIgniter\CodeIgniter->run()
#11 {main}
CRITICAL - 2026-02-15 17:44:45 --> CodeIgniter\Database\Exceptions\DatabaseException: Table 'crm_mobile.contacts' doesn't exist
in SYSTEMPATH\Database\BaseConnection.php on line 647.
 1 SYSTEMPATH\Database\BaseBuilder.php(1616): CodeIgniter\Database\BaseConnection->query('SELECT *
FROM `contacts`
WHERE `email` = :email:
 LIMIT 1', [...], false)
 2 SYSTEMPATH\Model.php(271): CodeIgniter\Database\BaseBuilder->get()
 3 SYSTEMPATH\BaseModel.php(676): CodeIgniter\Model->doFirst()
 4 APPPATH\Controllers\RegisterController.php(87): CodeIgniter\BaseModel->first()
 5 SYSTEMPATH\CodeIgniter.php(943): App\Controllers\RegisterController->registerContact()
 6 SYSTEMPATH\CodeIgniter.php(503): CodeIgniter\CodeIgniter->runController(Object(App\Controllers\RegisterController))
 7 SYSTEMPATH\CodeIgniter.php(361): CodeIgniter\CodeIgniter->handleRequest(null, Object(Config\Cache), false)
 8 FCPATH\index.php(79): CodeIgniter\CodeIgniter->run()
CRITICAL - 2026-02-15 17:44:45 --> [Caused by] CodeIgniter\Database\Exceptions\DatabaseException: Table 'crm_mobile.contacts' doesn't exist
in SYSTEMPATH\Database\MySQLi\Connection.php on line 311.
 1 SYSTEMPATH\Database\BaseConnection.php(693): CodeIgniter\Database\MySQLi\Connection->execute('SELECT *
FROM `contacts`
WHERE `email` = \'sofia@gmail.com\'
 LIMIT 1')
 2 SYSTEMPATH\Database\BaseConnection.php(607): CodeIgniter\Database\BaseConnection->simpleQuery('SELECT *
FROM `contacts`
WHERE `email` = \'sofia@gmail.com\'
 LIMIT 1')
 3 SYSTEMPATH\Database\BaseBuilder.php(1616): CodeIgniter\Database\BaseConnection->query('SELECT *
FROM `contacts`
WHERE `email` = :email:
 LIMIT 1', [...], false)
 4 SYSTEMPATH\Model.php(271): CodeIgniter\Database\BaseBuilder->get()
 5 SYSTEMPATH\BaseModel.php(676): CodeIgniter\Model->doFirst()
 6 APPPATH\Controllers\RegisterController.php(87): CodeIgniter\BaseModel->first()
 7 SYSTEMPATH\CodeIgniter.php(943): App\Controllers\RegisterController->registerContact()
 8 SYSTEMPATH\CodeIgniter.php(503): CodeIgniter\CodeIgniter->runController(Object(App\Controllers\RegisterController))
 9 SYSTEMPATH\CodeIgniter.php(361): CodeIgniter\CodeIgniter->handleRequest(null, Object(Config\Cache), false)
10 FCPATH\index.php(79): CodeIgniter\CodeIgniter->run()
CRITICAL - 2026-02-15 17:44:45 --> [Caused by] mysqli_sql_exception: Table 'crm_mobile.contacts' doesn't exist
in SYSTEMPATH\Database\MySQLi\Connection.php on line 306.
 1 SYSTEMPATH\Database\MySQLi\Connection.php(306): mysqli->query('SELECT *
FROM `contacts`
WHERE `email` = \'sofia@gmail.com\'
 LIMIT 1', 0)
 2 SYSTEMPATH\Database\BaseConnection.php(693): CodeIgniter\Database\MySQLi\Connection->execute('SELECT *
FROM `contacts`
WHERE `email` = \'sofia@gmail.com\'
 LIMIT 1')
 3 SYSTEMPATH\Database\BaseConnection.php(607): CodeIgniter\Database\BaseConnection->simpleQuery('SELECT *
FROM `contacts`
WHERE `email` = \'sofia@gmail.com\'
 LIMIT 1')
 4 SYSTEMPATH\Database\BaseBuilder.php(1616): CodeIgniter\Database\BaseConnection->query('SELECT *
FROM `contacts`
WHERE `email` = :email:
 LIMIT 1', [...], false)
 5 SYSTEMPATH\Model.php(271): CodeIgniter\Database\BaseBuilder->get()
 6 SYSTEMPATH\BaseModel.php(676): CodeIgniter\Model->doFirst()
 7 APPPATH\Controllers\RegisterController.php(87): CodeIgniter\BaseModel->first()
 8 SYSTEMPATH\CodeIgniter.php(943): App\Controllers\RegisterController->registerContact()
 9 SYSTEMPATH\CodeIgniter.php(503): CodeIgniter\CodeIgniter->runController(Object(App\Controllers\RegisterController))
10 SYSTEMPATH\CodeIgniter.php(361): CodeIgniter\CodeIgniter->handleRequest(null, Object(Config\Cache), false)
11 FCPATH\index.php(79): CodeIgniter\CodeIgniter->run()
ERROR - 2026-02-15 17:45:08 --> mysqli_sql_exception: Table 'crm_mobile.contacts' doesn't exist in C:\xampp81\htdocs\CodeIgniter4-4.4.7\system\Database\MySQLi\Connection.php:306
Stack trace:
#0 C:\xampp81\htdocs\CodeIgniter4-4.4.7\system\Database\MySQLi\Connection.php(306): mysqli->query('SELECT *\nFROM `...', 0)
#1 C:\xampp81\htdocs\CodeIgniter4-4.4.7\system\Database\BaseConnection.php(693): CodeIgniter\Database\MySQLi\Connection->execute('SELECT *\nFROM `...')
#2 C:\xampp81\htdocs\CodeIgniter4-4.4.7\system\Database\BaseConnection.php(607): CodeIgniter\Database\BaseConnection->simpleQuery('SELECT *\nFROM `...')
#3 C:\xampp81\htdocs\CodeIgniter4-4.4.7\system\Database\BaseBuilder.php(1616): CodeIgniter\Database\BaseConnection->query('SELECT *\nFROM `...', Array, false)
#4 C:\xampp81\htdocs\CodeIgniter4-4.4.7\system\Model.php(271): CodeIgniter\Database\BaseBuilder->get()
#5 C:\xampp81\htdocs\CodeIgniter4-4.4.7\system\BaseModel.php(676): CodeIgniter\Model->doFirst()
#6 C:\xampp81\htdocs\CodeIgniter4-4.4.7\app\Controllers\RegisterController.php(87): CodeIgniter\BaseModel->first()
#7 C:\xampp81\htdocs\CodeIgniter4-4.4.7\system\CodeIgniter.php(943): App\Controllers\RegisterController->registerContact()
#8 C:\xampp81\htdocs\CodeIgniter4-4.4.7\system\CodeIgniter.php(503): CodeIgniter\CodeIgniter->runController(Object(App\Controllers\RegisterController))
#9 C:\xampp81\htdocs\CodeIgniter4-4.4.7\system\CodeIgniter.php(361): CodeIgniter\CodeIgniter->handleRequest(NULL, Object(Config\Cache), false)
#10 C:\xampp81\htdocs\CodeIgniter4-4.4.7\public\index.php(79): CodeIgniter\CodeIgniter->run()
#11 {main}
CRITICAL - 2026-02-15 17:45:08 --> CodeIgniter\Database\Exceptions\DatabaseException: Table 'crm_mobile.contacts' doesn't exist
in SYSTEMPATH\Database\BaseConnection.php on line 647.
 1 SYSTEMPATH\Database\BaseBuilder.php(1616): CodeIgniter\Database\BaseConnection->query('SELECT *
FROM `contacts`
WHERE `email` = :email:
 LIMIT 1', [...], false)
 2 SYSTEMPATH\Model.php(271): CodeIgniter\Database\BaseBuilder->get()
 3 SYSTEMPATH\BaseModel.php(676): CodeIgniter\Model->doFirst()
 4 APPPATH\Controllers\RegisterController.php(87): CodeIgniter\BaseModel->first()
 5 SYSTEMPATH\CodeIgniter.php(943): App\Controllers\RegisterController->registerContact()
 6 SYSTEMPATH\CodeIgniter.php(503): CodeIgniter\CodeIgniter->runController(Object(App\Controllers\RegisterController))
 7 SYSTEMPATH\CodeIgniter.php(361): CodeIgniter\CodeIgniter->handleRequest(null, Object(Config\Cache), false)
 8 FCPATH\index.php(79): CodeIgniter\CodeIgniter->run()
CRITICAL - 2026-02-15 17:45:08 --> [Caused by] CodeIgniter\Database\Exceptions\DatabaseException: Table 'crm_mobile.contacts' doesn't exist
in SYSTEMPATH\Database\MySQLi\Connection.php on line 311.
 1 SYSTEMPATH\Database\BaseConnection.php(693): CodeIgniter\Database\MySQLi\Connection->execute('SELECT *
FROM `contacts`
WHERE `email` = \'sofia@gmail.com\'
 LIMIT 1')
 2 SYSTEMPATH\Database\BaseConnection.php(607): CodeIgniter\Database\BaseConnection->simpleQuery('SELECT *
FROM `contacts`
WHERE `email` = \'sofia@gmail.com\'
 LIMIT 1')
 3 SYSTEMPATH\Database\BaseBuilder.php(1616): CodeIgniter\Database\BaseConnection->query('SELECT *
FROM `contacts`
WHERE `email` = :email:
 LIMIT 1', [...], false)
 4 SYSTEMPATH\Model.php(271): CodeIgniter\Database\BaseBuilder->get()
 5 SYSTEMPATH\BaseModel.php(676): CodeIgniter\Model->doFirst()
 6 APPPATH\Controllers\RegisterController.php(87): CodeIgniter\BaseModel->first()
 7 SYSTEMPATH\CodeIgniter.php(943): App\Controllers\RegisterController->registerContact()
 8 SYSTEMPATH\CodeIgniter.php(503): CodeIgniter\CodeIgniter->runController(Object(App\Controllers\RegisterController))
 9 SYSTEMPATH\CodeIgniter.php(361): CodeIgniter\CodeIgniter->handleRequest(null, Object(Config\Cache), false)
10 FCPATH\index.php(79): CodeIgniter\CodeIgniter->run()
CRITICAL - 2026-02-15 17:45:08 --> [Caused by] mysqli_sql_exception: Table 'crm_mobile.contacts' doesn't exist
in SYSTEMPATH\Database\MySQLi\Connection.php on line 306.
 1 SYSTEMPATH\Database\MySQLi\Connection.php(306): mysqli->query('SELECT *
FROM `contacts`
WHERE `email` = \'sofia@gmail.com\'
 LIMIT 1', 0)
 2 SYSTEMPATH\Database\BaseConnection.php(693): CodeIgniter\Database\MySQLi\Connection->execute('SELECT *
FROM `contacts`
WHERE `email` = \'sofia@gmail.com\'
 LIMIT 1')
 3 SYSTEMPATH\Database\BaseConnection.php(607): CodeIgniter\Database\BaseConnection->simpleQuery('SELECT *
FROM `contacts`
WHERE `email` = \'sofia@gmail.com\'
 LIMIT 1')
 4 SYSTEMPATH\Database\BaseBuilder.php(1616): CodeIgniter\Database\BaseConnection->query('SELECT *
FROM `contacts`
WHERE `email` = :email:
 LIMIT 1', [...], false)
 5 SYSTEMPATH\Model.php(271): CodeIgniter\Database\BaseBuilder->get()
 6 SYSTEMPATH\BaseModel.php(676): CodeIgniter\Model->doFirst()
 7 APPPATH\Controllers\RegisterController.php(87): CodeIgniter\BaseModel->first()
 8 SYSTEMPATH\CodeIgniter.php(943): App\Controllers\RegisterController->registerContact()
 9 SYSTEMPATH\CodeIgniter.php(503): CodeIgniter\CodeIgniter->runController(Object(App\Controllers\RegisterController))
10 SYSTEMPATH\CodeIgniter.php(361): CodeIgniter\CodeIgniter->handleRequest(null, Object(Config\Cache), false)
11 FCPATH\index.php(79): CodeIgniter\CodeIgniter->run()
