ERROR - 2026-03-01 08:19:14 --> mysqli_sql_exception: MySQL server has gone away in C:\xampp81\htdocs\CodeIgniter4-4.4.7\system\Database\MySQLi\Connection.php:306
Stack trace:
#0 C:\xampp81\htdocs\CodeIgniter4-4.4.7\system\Database\MySQLi\Connection.php(306): mysqli->query('SELECT `tblprop...', 0)
#1 C:\xampp81\htdocs\CodeIgniter4-4.4.7\system\Database\BaseConnection.php(693): CodeIgniter\Database\MySQLi\Connection->execute('SELECT `tblprop...')
#2 C:\xampp81\htdocs\CodeIgniter4-4.4.7\system\Database\BaseConnection.php(607): CodeIgniter\Database\BaseConnection->simpleQuery('SELECT `tblprop...')
#3 C:\xampp81\htdocs\CodeIgniter4-4.4.7\system\Database\BaseBuilder.php(1616): CodeIgniter\Database\BaseConnection->query('SELECT `tblprop...', Array, false)
#4 C:\xampp81\htdocs\CodeIgniter4-4.4.7\system\Model.php(243): CodeIgniter\Database\BaseBuilder->get()
#5 C:\xampp81\htdocs\CodeIgniter4-4.4.7\system\BaseModel.php(638): CodeIgniter\Model->doFindAll(0, 0)
#6 C:\xampp81\htdocs\CodeIgniter4-4.4.7\app\Models\ProposalModel.php(123): CodeIgniter\BaseModel->findAll()
#7 C:\xampp81\htdocs\CodeIgniter4-4.4.7\app\Controllers\ProposalController.php(37): App\Models\ProposalModel->getByStaff(3, NULL)
#8 C:\xampp81\htdocs\CodeIgniter4-4.4.7\system\CodeIgniter.php(943): App\Controllers\ProposalController->list()
#9 C:\xampp81\htdocs\CodeIgniter4-4.4.7\system\CodeIgniter.php(503): CodeIgniter\CodeIgniter->runController(Object(App\Controllers\ProposalController))
#10 C:\xampp81\htdocs\CodeIgniter4-4.4.7\system\CodeIgniter.php(361): CodeIgniter\CodeIgniter->handleRequest(NULL, Object(Config\Cache), false)
#11 C:\xampp81\htdocs\CodeIgniter4-4.4.7\public\index.php(79): CodeIgniter\CodeIgniter->run()
#12 {main}
CRITICAL - 2026-03-01 08:19:14 --> CodeIgniter\Database\Exceptions\DatabaseException: MySQL server has gone away
in SYSTEMPATH\Database\BaseConnection.php on line 647.
 1 SYSTEMPATH\Database\BaseBuilder.php(1616): CodeIgniter\Database\BaseConnection->query('SELECT `tblproposals`.`id`, `tblproposals`.`subject`, `tblproposals`.`proposal_to`, `tblproposals`.`status`, `tblproposals`.`total`, `tblproposals`.`subtotal`, `tblproposals`.`date`, `tblproposals`.`open_till`, `tblproposals`.`datecreated`, `tblproposals`.`currency`, `tblproposals`.`rel_type`, `tblproposals`.`rel_id`, `tblproposals`.`email`, `tblproposals`.`estimate_id`, `tblproposals`.`invoice_id`, `c`.`company` AS `client_name`, `curr`.`symbol` AS `currency_symbol`, `curr`.`name` AS `currency_name`
FROM `tblproposals`
LEFT JOIN `tblclients` `c` ON `c`.`userid` = `tblproposals`.`rel_id` AND `tblproposals`.`rel_type` = "customer"
LEFT JOIN `tblcurrencies` `curr` ON `curr`.`id` = `tblproposals`.`currency`
WHERE `tblproposals`.`addedfrom` = :tblproposals.addedfrom:
ORDER BY `tblproposals`.`id` DESC', [...], false)
 2 SYSTEMPATH\Model.php(243): CodeIgniter\Database\BaseBuilder->get()
 3 SYSTEMPATH\BaseModel.php(638): CodeIgniter\Model->doFindAll(0, 0)
 4 APPPATH\Models\ProposalModel.php(123): CodeIgniter\BaseModel->findAll()
 5 APPPATH\Controllers\ProposalController.php(37): App\Models\ProposalModel->getByStaff(3, null)
 6 SYSTEMPATH\CodeIgniter.php(943): App\Controllers\ProposalController->list()
 7 SYSTEMPATH\CodeIgniter.php(503): CodeIgniter\CodeIgniter->runController(Object(App\Controllers\ProposalController))
 8 SYSTEMPATH\CodeIgniter.php(361): CodeIgniter\CodeIgniter->handleRequest(null, Object(Config\Cache), false)
 9 FCPATH\index.php(79): CodeIgniter\CodeIgniter->run()
CRITICAL - 2026-03-01 08:19:14 --> [Caused by] CodeIgniter\Database\Exceptions\DatabaseException: MySQL server has gone away
in SYSTEMPATH\Database\MySQLi\Connection.php on line 311.
 1 SYSTEMPATH\Database\BaseConnection.php(693): CodeIgniter\Database\MySQLi\Connection->execute('SELECT `tblproposals`.`id`, `tblproposals`.`subject`, `tblproposals`.`proposal_to`, `tblproposals`.`status`, `tblproposals`.`total`, `tblproposals`.`subtotal`, `tblproposals`.`date`, `tblproposals`.`open_till`, `tblproposals`.`datecreated`, `tblproposals`.`currency`, `tblproposals`.`rel_type`, `tblproposals`.`rel_id`, `tblproposals`.`email`, `tblproposals`.`estimate_id`, `tblproposals`.`invoice_id`, `c`.`company` AS `client_name`, `curr`.`symbol` AS `currency_symbol`, `curr`.`name` AS `currency_name`
FROM `tblproposals`
LEFT JOIN `tblclients` `c` ON `c`.`userid` = `tblproposals`.`rel_id` AND `tblproposals`.`rel_type` = "customer"
LEFT JOIN `tblcurrencies` `curr` ON `curr`.`id` = `tblproposals`.`currency`
WHERE `tblproposals`.`addedfrom` = 3
ORDER BY `tblproposals`.`id` DESC')
 2 SYSTEMPATH\Database\BaseConnection.php(607): CodeIgniter\Database\BaseConnection->simpleQuery('SELECT `tblproposals`.`id`, `tblproposals`.`subject`, `tblproposals`.`proposal_to`, `tblproposals`.`status`, `tblproposals`.`total`, `tblproposals`.`subtotal`, `tblproposals`.`date`, `tblproposals`.`open_till`, `tblproposals`.`datecreated`, `tblproposals`.`currency`, `tblproposals`.`rel_type`, `tblproposals`.`rel_id`, `tblproposals`.`email`, `tblproposals`.`estimate_id`, `tblproposals`.`invoice_id`, `c`.`company` AS `client_name`, `curr`.`symbol` AS `currency_symbol`, `curr`.`name` AS `currency_name`
FROM `tblproposals`
LEFT JOIN `tblclients` `c` ON `c`.`userid` = `tblproposals`.`rel_id` AND `tblproposals`.`rel_type` = "customer"
LEFT JOIN `tblcurrencies` `curr` ON `curr`.`id` = `tblproposals`.`currency`
WHERE `tblproposals`.`addedfrom` = 3
ORDER BY `tblproposals`.`id` DESC')
 3 SYSTEMPATH\Database\BaseBuilder.php(1616): CodeIgniter\Database\BaseConnection->query('SELECT `tblproposals`.`id`, `tblproposals`.`subject`, `tblproposals`.`proposal_to`, `tblproposals`.`status`, `tblproposals`.`total`, `tblproposals`.`subtotal`, `tblproposals`.`date`, `tblproposals`.`open_till`, `tblproposals`.`datecreated`, `tblproposals`.`currency`, `tblproposals`.`rel_type`, `tblproposals`.`rel_id`, `tblproposals`.`email`, `tblproposals`.`estimate_id`, `tblproposals`.`invoice_id`, `c`.`company` AS `client_name`, `curr`.`symbol` AS `currency_symbol`, `curr`.`name` AS `currency_name`
FROM `tblproposals`
LEFT JOIN `tblclients` `c` ON `c`.`userid` = `tblproposals`.`rel_id` AND `tblproposals`.`rel_type` = "customer"
LEFT JOIN `tblcurrencies` `curr` ON `curr`.`id` = `tblproposals`.`currency`
WHERE `tblproposals`.`addedfrom` = :tblproposals.addedfrom:
ORDER BY `tblproposals`.`id` DESC', [...], false)
 4 SYSTEMPATH\Model.php(243): CodeIgniter\Database\BaseBuilder->get()
 5 SYSTEMPATH\BaseModel.php(638): CodeIgniter\Model->doFindAll(0, 0)
 6 APPPATH\Models\ProposalModel.php(123): CodeIgniter\BaseModel->findAll()
 7 APPPATH\Controllers\ProposalController.php(37): App\Models\ProposalModel->getByStaff(3, null)
 8 SYSTEMPATH\CodeIgniter.php(943): App\Controllers\ProposalController->list()
 9 SYSTEMPATH\CodeIgniter.php(503): CodeIgniter\CodeIgniter->runController(Object(App\Controllers\ProposalController))
10 SYSTEMPATH\CodeIgniter.php(361): CodeIgniter\CodeIgniter->handleRequest(null, Object(Config\Cache), false)
11 FCPATH\index.php(79): CodeIgniter\CodeIgniter->run()
CRITICAL - 2026-03-01 08:19:14 --> [Caused by] mysqli_sql_exception: MySQL server has gone away
in SYSTEMPATH\Database\MySQLi\Connection.php on line 306.
 1 SYSTEMPATH\Database\MySQLi\Connection.php(306): mysqli->query('SELECT `tblproposals`.`id`, `tblproposals`.`subject`, `tblproposals`.`proposal_to`, `tblproposals`.`status`, `tblproposals`.`total`, `tblproposals`.`subtotal`, `tblproposals`.`date`, `tblproposals`.`open_till`, `tblproposals`.`datecreated`, `tblproposals`.`currency`, `tblproposals`.`rel_type`, `tblproposals`.`rel_id`, `tblproposals`.`email`, `tblproposals`.`estimate_id`, `tblproposals`.`invoice_id`, `c`.`company` AS `client_name`, `curr`.`symbol` AS `currency_symbol`, `curr`.`name` AS `currency_name`
FROM `tblproposals`
LEFT JOIN `tblclients` `c` ON `c`.`userid` = `tblproposals`.`rel_id` AND `tblproposals`.`rel_type` = "customer"
LEFT JOIN `tblcurrencies` `curr` ON `curr`.`id` = `tblproposals`.`currency`
WHERE `tblproposals`.`addedfrom` = 3
ORDER BY `tblproposals`.`id` DESC', 0)
 2 SYSTEMPATH\Database\BaseConnection.php(693): CodeIgniter\Database\MySQLi\Connection->execute('SELECT `tblproposals`.`id`, `tblproposals`.`subject`, `tblproposals`.`proposal_to`, `tblproposals`.`status`, `tblproposals`.`total`, `tblproposals`.`subtotal`, `tblproposals`.`date`, `tblproposals`.`open_till`, `tblproposals`.`datecreated`, `tblproposals`.`currency`, `tblproposals`.`rel_type`, `tblproposals`.`rel_id`, `tblproposals`.`email`, `tblproposals`.`estimate_id`, `tblproposals`.`invoice_id`, `c`.`company` AS `client_name`, `curr`.`symbol` AS `currency_symbol`, `curr`.`name` AS `currency_name`
FROM `tblproposals`
LEFT JOIN `tblclients` `c` ON `c`.`userid` = `tblproposals`.`rel_id` AND `tblproposals`.`rel_type` = "customer"
LEFT JOIN `tblcurrencies` `curr` ON `curr`.`id` = `tblproposals`.`currency`
WHERE `tblproposals`.`addedfrom` = 3
ORDER BY `tblproposals`.`id` DESC')
 3 SYSTEMPATH\Database\BaseConnection.php(607): CodeIgniter\Database\BaseConnection->simpleQuery('SELECT `tblproposals`.`id`, `tblproposals`.`subject`, `tblproposals`.`proposal_to`, `tblproposals`.`status`, `tblproposals`.`total`, `tblproposals`.`subtotal`, `tblproposals`.`date`, `tblproposals`.`open_till`, `tblproposals`.`datecreated`, `tblproposals`.`currency`, `tblproposals`.`rel_type`, `tblproposals`.`rel_id`, `tblproposals`.`email`, `tblproposals`.`estimate_id`, `tblproposals`.`invoice_id`, `c`.`company` AS `client_name`, `curr`.`symbol` AS `currency_symbol`, `curr`.`name` AS `currency_name`
FROM `tblproposals`
LEFT JOIN `tblclients` `c` ON `c`.`userid` = `tblproposals`.`rel_id` AND `tblproposals`.`rel_type` = "customer"
LEFT JOIN `tblcurrencies` `curr` ON `curr`.`id` = `tblproposals`.`currency`
WHERE `tblproposals`.`addedfrom` = 3
ORDER BY `tblproposals`.`id` DESC')
 4 SYSTEMPATH\Database\BaseBuilder.php(1616): CodeIgniter\Database\BaseConnection->query('SELECT `tblproposals`.`id`, `tblproposals`.`subject`, `tblproposals`.`proposal_to`, `tblproposals`.`status`, `tblproposals`.`total`, `tblproposals`.`subtotal`, `tblproposals`.`date`, `tblproposals`.`open_till`, `tblproposals`.`datecreated`, `tblproposals`.`currency`, `tblproposals`.`rel_type`, `tblproposals`.`rel_id`, `tblproposals`.`email`, `tblproposals`.`estimate_id`, `tblproposals`.`invoice_id`, `c`.`company` AS `client_name`, `curr`.`symbol` AS `currency_symbol`, `curr`.`name` AS `currency_name`
FROM `tblproposals`
LEFT JOIN `tblclients` `c` ON `c`.`userid` = `tblproposals`.`rel_id` AND `tblproposals`.`rel_type` = "customer"
LEFT JOIN `tblcurrencies` `curr` ON `curr`.`id` = `tblproposals`.`currency`
WHERE `tblproposals`.`addedfrom` = :tblproposals.addedfrom:
ORDER BY `tblproposals`.`id` DESC', [...], false)
 5 SYSTEMPATH\Model.php(243): CodeIgniter\Database\BaseBuilder->get()
 6 SYSTEMPATH\BaseModel.php(638): CodeIgniter\Model->doFindAll(0, 0)
 7 APPPATH\Models\ProposalModel.php(123): CodeIgniter\BaseModel->findAll()
 8 APPPATH\Controllers\ProposalController.php(37): App\Models\ProposalModel->getByStaff(3, null)
 9 SYSTEMPATH\CodeIgniter.php(943): App\Controllers\ProposalController->list()
10 SYSTEMPATH\CodeIgniter.php(503): CodeIgniter\CodeIgniter->runController(Object(App\Controllers\ProposalController))
11 SYSTEMPATH\CodeIgniter.php(361): CodeIgniter\CodeIgniter->handleRequest(null, Object(Config\Cache), false)
12 FCPATH\index.php(79): CodeIgniter\CodeIgniter->run()
ERROR - 2026-03-01 08:19:29 --> Error connecting to the database: mysqli_sql_exception: Aucune connexion n’a pu être établie car l’ordinateur cible l’a expressément refusée in C:\xampp81\htdocs\CodeIgniter4-4.4.7\system\Database\MySQLi\Connection.php:185
Stack trace:
#0 C:\xampp81\htdocs\CodeIgniter4-4.4.7\system\Database\MySQLi\Connection.php(185): mysqli->real_connect('localhost', 'root', '', 'crm_mobile', 3306, '', 0)
#1 C:\xampp81\htdocs\CodeIgniter4-4.4.7\system\Database\BaseConnection.php(392): CodeIgniter\Database\MySQLi\Connection->connect(false)
#2 C:\xampp81\htdocs\CodeIgniter4-4.4.7\system\Database\BaseConnection.php(575): CodeIgniter\Database\BaseConnection->initialize()
#3 C:\xampp81\htdocs\CodeIgniter4-4.4.7\system\Database\BaseBuilder.php(1616): CodeIgniter\Database\BaseConnection->query('SELECT `tblprop...', Array, false)
#4 C:\xampp81\htdocs\CodeIgniter4-4.4.7\system\Model.php(243): CodeIgniter\Database\BaseBuilder->get()
#5 C:\xampp81\htdocs\CodeIgniter4-4.4.7\system\BaseModel.php(638): CodeIgniter\Model->doFindAll(0, 0)
#6 C:\xampp81\htdocs\CodeIgniter4-4.4.7\app\Models\ProposalModel.php(123): CodeIgniter\BaseModel->findAll()
#7 C:\xampp81\htdocs\CodeIgniter4-4.4.7\app\Controllers\ProposalController.php(37): App\Models\ProposalModel->getByStaff(3, NULL)
#8 C:\xampp81\htdocs\CodeIgniter4-4.4.7\system\CodeIgniter.php(943): App\Controllers\ProposalController->list()
#9 C:\xampp81\htdocs\CodeIgniter4-4.4.7\system\CodeIgniter.php(503): CodeIgniter\CodeIgniter->runController(Object(App\Controllers\ProposalController))
#10 C:\xampp81\htdocs\CodeIgniter4-4.4.7\system\CodeIgniter.php(361): CodeIgniter\CodeIgniter->handleRequest(NULL, Object(Config\Cache), false)
#11 C:\xampp81\htdocs\CodeIgniter4-4.4.7\public\index.php(79): CodeIgniter\CodeIgniter->run()
#12 {main}

Next CodeIgniter\Database\Exceptions\DatabaseException: Aucune connexion n’a pu être établie car l’ordinateur cible l’a expressément refusée in C:\xampp81\htdocs\CodeIgniter4-4.4.7\system\Database\MySQLi\Connection.php:229
Stack trace:
#0 C:\xampp81\htdocs\CodeIgniter4-4.4.7\system\Database\BaseConnection.php(392): CodeIgniter\Database\MySQLi\Connection->connect(false)
#1 C:\xampp81\htdocs\CodeIgniter4-4.4.7\system\Database\BaseConnection.php(575): CodeIgniter\Database\BaseConnection->initialize()
#2 C:\xampp81\htdocs\CodeIgniter4-4.4.7\system\Database\BaseBuilder.php(1616): CodeIgniter\Database\BaseConnection->query('SELECT `tblprop...', Array, false)
#3 C:\xampp81\htdocs\CodeIgniter4-4.4.7\system\Model.php(243): CodeIgniter\Database\BaseBuilder->get()
#4 C:\xampp81\htdocs\CodeIgniter4-4.4.7\system\BaseModel.php(638): CodeIgniter\Model->doFindAll(0, 0)
#5 C:\xampp81\htdocs\CodeIgniter4-4.4.7\app\Models\ProposalModel.php(123): CodeIgniter\BaseModel->findAll()
#6 C:\xampp81\htdocs\CodeIgniter4-4.4.7\app\Controllers\ProposalController.php(37): App\Models\ProposalModel->getByStaff(3, NULL)
#7 C:\xampp81\htdocs\CodeIgniter4-4.4.7\system\CodeIgniter.php(943): App\Controllers\ProposalController->list()
#8 C:\xampp81\htdocs\CodeIgniter4-4.4.7\system\CodeIgniter.php(503): CodeIgniter\CodeIgniter->runController(Object(App\Controllers\ProposalController))
#9 C:\xampp81\htdocs\CodeIgniter4-4.4.7\system\CodeIgniter.php(361): CodeIgniter\CodeIgniter->handleRequest(NULL, Object(Config\Cache), false)
#10 C:\xampp81\htdocs\CodeIgniter4-4.4.7\public\index.php(79): CodeIgniter\CodeIgniter->run()
#11 {main}
CRITICAL - 2026-03-01 08:19:29 --> CodeIgniter\Database\Exceptions\DatabaseException: Unable to connect to the database.
Main connection [MySQLi]: Aucune connexion n’a pu être établie car l’ordinateur cible l’a expressément refusée
in SYSTEMPATH\Database\BaseConnection.php on line 428.
 1 SYSTEMPATH\Database\BaseConnection.php(575): CodeIgniter\Database\BaseConnection->initialize()
 2 SYSTEMPATH\Database\BaseBuilder.php(1616): CodeIgniter\Database\BaseConnection->query('SELECT `tblproposals`.`id`, `tblproposals`.`subject`, `tblproposals`.`proposal_to`, `tblproposals`.`status`, `tblproposals`.`total`, `tblproposals`.`subtotal`, `tblproposals`.`date`, `tblproposals`.`open_till`, `tblproposals`.`datecreated`, `tblproposals`.`currency`, `tblproposals`.`rel_type`, `tblproposals`.`rel_id`, `tblproposals`.`email`, `tblproposals`.`estimate_id`, `tblproposals`.`invoice_id`, `c`.`company` AS `client_name`, `curr`.`symbol` AS `currency_symbol`, `curr`.`name` AS `currency_name`
FROM `tblproposals`
LEFT JOIN `tblclients` `c` ON `c`.`userid` = `tblproposals`.`rel_id` AND `tblproposals`.`rel_type` = "customer"
LEFT JOIN `tblcurrencies` `curr` ON `curr`.`id` = `tblproposals`.`currency`
WHERE `tblproposals`.`addedfrom` = :tblproposals.addedfrom:
ORDER BY `tblproposals`.`id` DESC', [...], false)
 3 SYSTEMPATH\Model.php(243): CodeIgniter\Database\BaseBuilder->get()
 4 SYSTEMPATH\BaseModel.php(638): CodeIgniter\Model->doFindAll(0, 0)
 5 APPPATH\Models\ProposalModel.php(123): CodeIgniter\BaseModel->findAll()
 6 APPPATH\Controllers\ProposalController.php(37): App\Models\ProposalModel->getByStaff(3, null)
 7 SYSTEMPATH\CodeIgniter.php(943): App\Controllers\ProposalController->list()
 8 SYSTEMPATH\CodeIgniter.php(503): CodeIgniter\CodeIgniter->runController(Object(App\Controllers\ProposalController))
 9 SYSTEMPATH\CodeIgniter.php(361): CodeIgniter\CodeIgniter->handleRequest(null, Object(Config\Cache), false)
10 FCPATH\index.php(79): CodeIgniter\CodeIgniter->run()
ERROR - 2026-03-01 13:46:04 --> mysqli_sql_exception: Table 'crm_mobile.tblestimates' doesn't exist in C:\xampp81\htdocs\CodeIgniter4-4.4.7\system\Database\MySQLi\Connection.php:306
Stack trace:
#0 C:\xampp81\htdocs\CodeIgniter4-4.4.7\system\Database\MySQLi\Connection.php(306): mysqli->query('SELECT MAX(`num...', 0)
#1 C:\xampp81\htdocs\CodeIgniter4-4.4.7\system\Database\BaseConnection.php(693): CodeIgniter\Database\MySQLi\Connection->execute('SELECT MAX(`num...')
#2 C:\xampp81\htdocs\CodeIgniter4-4.4.7\system\Database\BaseConnection.php(607): CodeIgniter\Database\BaseConnection->simpleQuery('SELECT MAX(`num...')
#3 C:\xampp81\htdocs\CodeIgniter4-4.4.7\system\Database\BaseBuilder.php(1616): CodeIgniter\Database\BaseConnection->query('SELECT MAX(`num...', Array, false)
#4 C:\xampp81\htdocs\CodeIgniter4-4.4.7\app\Controllers\ProposalController.php(636): CodeIgniter\Database\BaseBuilder->get()
#5 C:\xampp81\htdocs\CodeIgniter4-4.4.7\app\Controllers\ProposalController.php(339): App\Controllers\ProposalController->_createEstimate(Object(CodeIgniter\Database\MySQLi\Connection), Array, Array, Array)
#6 C:\xampp81\htdocs\CodeIgniter4-4.4.7\system\CodeIgniter.php(943): App\Controllers\ProposalController->convert('3')
#7 C:\xampp81\htdocs\CodeIgniter4-4.4.7\system\CodeIgniter.php(503): CodeIgniter\CodeIgniter->runController(Object(App\Controllers\ProposalController))
#8 C:\xampp81\htdocs\CodeIgniter4-4.4.7\system\CodeIgniter.php(361): CodeIgniter\CodeIgniter->handleRequest(NULL, Object(Config\Cache), false)
#9 C:\xampp81\htdocs\CodeIgniter4-4.4.7\public\index.php(79): CodeIgniter\CodeIgniter->run()
#10 {main}
CRITICAL - 2026-03-01 13:46:04 --> CodeIgniter\Database\Exceptions\DatabaseException: Table 'crm_mobile.tblestimates' doesn't exist
in SYSTEMPATH\Database\BaseConnection.php on line 647.
 1 SYSTEMPATH\Database\BaseBuilder.php(1616): CodeIgniter\Database\BaseConnection->query('SELECT MAX(`number`) AS `number`
FROM `tblestimates`', [], false)
 2 APPPATH\Controllers\ProposalController.php(636): CodeIgniter\Database\BaseBuilder->get()
 3 APPPATH\Controllers\ProposalController.php(339): App\Controllers\ProposalController->_createEstimate(Object(CodeIgniter\Database\MySQLi\Connection), [...], [...], [...])
 4 SYSTEMPATH\CodeIgniter.php(943): App\Controllers\ProposalController->convert('3')
 5 SYSTEMPATH\CodeIgniter.php(503): CodeIgniter\CodeIgniter->runController(Object(App\Controllers\ProposalController))
 6 SYSTEMPATH\CodeIgniter.php(361): CodeIgniter\CodeIgniter->handleRequest(null, Object(Config\Cache), false)
 7 FCPATH\index.php(79): CodeIgniter\CodeIgniter->run()
CRITICAL - 2026-03-01 13:46:04 --> [Caused by] CodeIgniter\Database\Exceptions\DatabaseException: Table 'crm_mobile.tblestimates' doesn't exist
in SYSTEMPATH\Database\MySQLi\Connection.php on line 311.
 1 SYSTEMPATH\Database\BaseConnection.php(693): CodeIgniter\Database\MySQLi\Connection->execute('SELECT MAX(`number`) AS `number`
FROM `tblestimates`')
 2 SYSTEMPATH\Database\BaseConnection.php(607): CodeIgniter\Database\BaseConnection->simpleQuery('SELECT MAX(`number`) AS `number`
FROM `tblestimates`')
 3 SYSTEMPATH\Database\BaseBuilder.php(1616): CodeIgniter\Database\BaseConnection->query('SELECT MAX(`number`) AS `number`
FROM `tblestimates`', [], false)
 4 APPPATH\Controllers\ProposalController.php(636): CodeIgniter\Database\BaseBuilder->get()
 5 APPPATH\Controllers\ProposalController.php(339): App\Controllers\ProposalController->_createEstimate(Object(CodeIgniter\Database\MySQLi\Connection), [...], [...], [...])
 6 SYSTEMPATH\CodeIgniter.php(943): App\Controllers\ProposalController->convert('3')
 7 SYSTEMPATH\CodeIgniter.php(503): CodeIgniter\CodeIgniter->runController(Object(App\Controllers\ProposalController))
 8 SYSTEMPATH\CodeIgniter.php(361): CodeIgniter\CodeIgniter->handleRequest(null, Object(Config\Cache), false)
 9 FCPATH\index.php(79): CodeIgniter\CodeIgniter->run()
CRITICAL - 2026-03-01 13:46:04 --> [Caused by] mysqli_sql_exception: Table 'crm_mobile.tblestimates' doesn't exist
in SYSTEMPATH\Database\MySQLi\Connection.php on line 306.
 1 SYSTEMPATH\Database\MySQLi\Connection.php(306): mysqli->query('SELECT MAX(`number`) AS `number`
FROM `tblestimates`', 0)
 2 SYSTEMPATH\Database\BaseConnection.php(693): CodeIgniter\Database\MySQLi\Connection->execute('SELECT MAX(`number`) AS `number`
FROM `tblestimates`')
 3 SYSTEMPATH\Database\BaseConnection.php(607): CodeIgniter\Database\BaseConnection->simpleQuery('SELECT MAX(`number`) AS `number`
FROM `tblestimates`')
 4 SYSTEMPATH\Database\BaseBuilder.php(1616): CodeIgniter\Database\BaseConnection->query('SELECT MAX(`number`) AS `number`
FROM `tblestimates`', [], false)
 5 APPPATH\Controllers\ProposalController.php(636): CodeIgniter\Database\BaseBuilder->get()
 6 APPPATH\Controllers\ProposalController.php(339): App\Controllers\ProposalController->_createEstimate(Object(CodeIgniter\Database\MySQLi\Connection), [...], [...], [...])
 7 SYSTEMPATH\CodeIgniter.php(943): App\Controllers\ProposalController->convert('3')
 8 SYSTEMPATH\CodeIgniter.php(503): CodeIgniter\CodeIgniter->runController(Object(App\Controllers\ProposalController))
 9 SYSTEMPATH\CodeIgniter.php(361): CodeIgniter\CodeIgniter->handleRequest(null, Object(Config\Cache), false)
10 FCPATH\index.php(79): CodeIgniter\CodeIgniter->run()
ERROR - 2026-03-01 13:46:13 --> mysqli_sql_exception: Table 'crm_mobile.tblinvoices' doesn't exist in C:\xampp81\htdocs\CodeIgniter4-4.4.7\system\Database\MySQLi\Connection.php:306
Stack trace:
#0 C:\xampp81\htdocs\CodeIgniter4-4.4.7\system\Database\MySQLi\Connection.php(306): mysqli->query('SELECT MAX(`num...', 0)
#1 C:\xampp81\htdocs\CodeIgniter4-4.4.7\system\Database\BaseConnection.php(693): CodeIgniter\Database\MySQLi\Connection->execute('SELECT MAX(`num...')
#2 C:\xampp81\htdocs\CodeIgniter4-4.4.7\system\Database\BaseConnection.php(607): CodeIgniter\Database\BaseConnection->simpleQuery('SELECT MAX(`num...')
#3 C:\xampp81\htdocs\CodeIgniter4-4.4.7\system\Database\BaseBuilder.php(1616): CodeIgniter\Database\BaseConnection->query('SELECT MAX(`num...', Array, false)
#4 C:\xampp81\htdocs\CodeIgniter4-4.4.7\app\Controllers\ProposalController.php(609): CodeIgniter\Database\BaseBuilder->get()
#5 C:\xampp81\htdocs\CodeIgniter4-4.4.7\app\Controllers\ProposalController.php(336): App\Controllers\ProposalController->_createInvoice(Object(CodeIgniter\Database\MySQLi\Connection), Array, Array, Array)
#6 C:\xampp81\htdocs\CodeIgniter4-4.4.7\system\CodeIgniter.php(943): App\Controllers\ProposalController->convert('3')
#7 C:\xampp81\htdocs\CodeIgniter4-4.4.7\system\CodeIgniter.php(503): CodeIgniter\CodeIgniter->runController(Object(App\Controllers\ProposalController))
#8 C:\xampp81\htdocs\CodeIgniter4-4.4.7\system\CodeIgniter.php(361): CodeIgniter\CodeIgniter->handleRequest(NULL, Object(Config\Cache), false)
#9 C:\xampp81\htdocs\CodeIgniter4-4.4.7\public\index.php(79): CodeIgniter\CodeIgniter->run()
#10 {main}
CRITICAL - 2026-03-01 13:46:13 --> CodeIgniter\Database\Exceptions\DatabaseException: Table 'crm_mobile.tblinvoices' doesn't exist
in SYSTEMPATH\Database\BaseConnection.php on line 647.
 1 SYSTEMPATH\Database\BaseBuilder.php(1616): CodeIgniter\Database\BaseConnection->query('SELECT MAX(`number`) AS `number`
FROM `tblinvoices`', [], false)
 2 APPPATH\Controllers\ProposalController.php(609): CodeIgniter\Database\BaseBuilder->get()
 3 APPPATH\Controllers\ProposalController.php(336): App\Controllers\ProposalController->_createInvoice(Object(CodeIgniter\Database\MySQLi\Connection), [...], [...], [...])
 4 SYSTEMPATH\CodeIgniter.php(943): App\Controllers\ProposalController->convert('3')
 5 SYSTEMPATH\CodeIgniter.php(503): CodeIgniter\CodeIgniter->runController(Object(App\Controllers\ProposalController))
 6 SYSTEMPATH\CodeIgniter.php(361): CodeIgniter\CodeIgniter->handleRequest(null, Object(Config\Cache), false)
 7 FCPATH\index.php(79): CodeIgniter\CodeIgniter->run()
CRITICAL - 2026-03-01 13:46:13 --> [Caused by] CodeIgniter\Database\Exceptions\DatabaseException: Table 'crm_mobile.tblinvoices' doesn't exist
in SYSTEMPATH\Database\MySQLi\Connection.php on line 311.
 1 SYSTEMPATH\Database\BaseConnection.php(693): CodeIgniter\Database\MySQLi\Connection->execute('SELECT MAX(`number`) AS `number`
FROM `tblinvoices`')
 2 SYSTEMPATH\Database\BaseConnection.php(607): CodeIgniter\Database\BaseConnection->simpleQuery('SELECT MAX(`number`) AS `number`
FROM `tblinvoices`')
 3 SYSTEMPATH\Database\BaseBuilder.php(1616): CodeIgniter\Database\BaseConnection->query('SELECT MAX(`number`) AS `number`
FROM `tblinvoices`', [], false)
 4 APPPATH\Controllers\ProposalController.php(609): CodeIgniter\Database\BaseBuilder->get()
 5 APPPATH\Controllers\ProposalController.php(336): App\Controllers\ProposalController->_createInvoice(Object(CodeIgniter\Database\MySQLi\Connection), [...], [...], [...])
 6 SYSTEMPATH\CodeIgniter.php(943): App\Controllers\ProposalController->convert('3')
 7 SYSTEMPATH\CodeIgniter.php(503): CodeIgniter\CodeIgniter->runController(Object(App\Controllers\ProposalController))
 8 SYSTEMPATH\CodeIgniter.php(361): CodeIgniter\CodeIgniter->handleRequest(null, Object(Config\Cache), false)
 9 FCPATH\index.php(79): CodeIgniter\CodeIgniter->run()
CRITICAL - 2026-03-01 13:46:13 --> [Caused by] mysqli_sql_exception: Table 'crm_mobile.tblinvoices' doesn't exist
in SYSTEMPATH\Database\MySQLi\Connection.php on line 306.
 1 SYSTEMPATH\Database\MySQLi\Connection.php(306): mysqli->query('SELECT MAX(`number`) AS `number`
FROM `tblinvoices`', 0)
 2 SYSTEMPATH\Database\BaseConnection.php(693): CodeIgniter\Database\MySQLi\Connection->execute('SELECT MAX(`number`) AS `number`
FROM `tblinvoices`')
 3 SYSTEMPATH\Database\BaseConnection.php(607): CodeIgniter\Database\BaseConnection->simpleQuery('SELECT MAX(`number`) AS `number`
FROM `tblinvoices`')
 4 SYSTEMPATH\Database\BaseBuilder.php(1616): CodeIgniter\Database\BaseConnection->query('SELECT MAX(`number`) AS `number`
FROM `tblinvoices`', [], false)
 5 APPPATH\Controllers\ProposalController.php(609): CodeIgniter\Database\BaseBuilder->get()
 6 APPPATH\Controllers\ProposalController.php(336): App\Controllers\ProposalController->_createInvoice(Object(CodeIgniter\Database\MySQLi\Connection), [...], [...], [...])
 7 SYSTEMPATH\CodeIgniter.php(943): App\Controllers\ProposalController->convert('3')
 8 SYSTEMPATH\CodeIgniter.php(503): CodeIgniter\CodeIgniter->runController(Object(App\Controllers\ProposalController))
 9 SYSTEMPATH\CodeIgniter.php(361): CodeIgniter\CodeIgniter->handleRequest(null, Object(Config\Cache), false)
10 FCPATH\index.php(79): CodeIgniter\CodeIgniter->run()
